// Jest Snapshot v1, https://goo.gl/fbAQLP

exports[`Header component Should render component correctly 1`] = `
<header
  className="header"
>
  Fundasoft
</header>
`;
